120
120
1.2246467991473532E-16
1.2246467991473532E-16
