java.lang.Object@b1b4c3
SampleClass@72ffb
Hello
Hello
World
Square root of 9 is	3.0
